2026-03-04 18:50:44,946 - INFO - ============================================================
2026-03-04 18:50:44,947 - INFO - EDINET ƒe[ƒuƒ‹ƒ}ƒCƒOƒŒ[ƒVƒ‡ƒ“ŠJn
2026-03-04 18:50:44,947 - INFO - SourceDB: F:\TAKUMI\GitHub\STOCK-INVESTMENT-ANALYZER\work\db\stockdb.db
2026-03-04 18:50:44,947 - INFO - DestDB:   F:\TAKUMI\DB\SQLite\stockdb_test.db
2026-03-04 18:50:44,947 - INFO - ============================================================
2026-03-04 18:50:44,948 - INFO - edinet_balance_sheets ƒe[ƒuƒ‹‚ğì¬’†...
2026-03-04 18:50:45,865 - INFO - edinet_balance_sheets ‚Ìƒf[ƒ^‚ğƒRƒs[’†...
2026-03-04 18:50:46,077 - INFO -   SourceDB: 25539 s
2026-03-04 18:50:46,078 - INFO -   DestDB Šù‘¶: 0 s
2026-03-04 18:50:46,078 - INFO -   ‹¤’ÊƒJƒ‰ƒ€: 27/27
2026-03-04 18:50:46,661 - INFO - edinet_profit_and_loss ‚Ìƒf[ƒ^‚ğƒRƒs[’†...
2026-03-04 18:50:46,793 - INFO -   SourceDB: 25539 s
2026-03-04 18:50:46,793 - INFO -   DestDB Šù‘¶: 15412 s
2026-03-04 18:50:46,794 - INFO -   ‹¤’ÊƒJƒ‰ƒ€: 15/15
2026-03-04 18:50:47,168 - INFO - edinet_cash_flow_statement ‚Ìƒf[ƒ^‚ğƒRƒs[’†...
2026-03-04 18:50:47,300 - INFO -   SourceDB: 25539 s
2026-03-04 18:50:47,300 - INFO -   DestDB Šù‘¶: 5000 s
2026-03-04 18:50:47,300 - INFO -   ‹¤’ÊƒJƒ‰ƒ€: 13/13
2026-03-04 18:50:49,750 - INFO - edinet_stock_dividend ‚Ìƒf[ƒ^‚ğƒRƒs[’†...
2026-03-04 18:50:49,900 - INFO -   SourceDB: 25539 s
2026-03-04 18:50:49,900 - INFO -   DestDB Šù‘¶: 10 s
2026-03-04 18:50:49,900 - INFO -   ‹¤’ÊƒJƒ‰ƒ€: 14/14
2026-03-04 18:50:50,366 - INFO - ============================================================
2026-03-04 18:50:50,367 - INFO - ============================================================
2026-03-04 18:51:41,638 - INFO - ============================================================
2026-03-04 18:51:41,638 - INFO - EDINET ãƒ†ãƒ¼ãƒ–ãƒ«ãƒã‚¤ã‚°ãƒ¬ãƒ¼ã‚·ãƒ§ãƒ³é–‹å§‹
2026-03-04 18:51:41,638 - INFO - SourceDB: F:\TAKUMI\GitHub\STOCK-INVESTMENT-ANALYZER\work\db\stockdb.db
2026-03-04 18:51:41,638 - INFO - DestDB:   F:\TAKUMI\DB\SQLite\stockdb_test.db
2026-03-04 18:51:41,639 - INFO - ============================================================
2026-03-04 18:51:41,640 - INFO - edinet_balance_sheets ãƒ†ãƒ¼ãƒ–ãƒ«ã‚’ä½œæˆä¸­...
2026-03-04 18:51:41,642 - INFO - [OK] edinet_balance_sheets ãƒ†ãƒ¼ãƒ–ãƒ«ã‚’ä½œæˆå®Œäº†
2026-03-04 18:51:41,643 - INFO - edinet_balance_sheets ã®ãƒ‡ãƒ¼ã‚¿ã‚’ã‚³ãƒ”ãƒ¼ä¸­...
2026-03-04 18:51:41,707 - INFO -   SourceDB: 25539 è¡Œ
2026-03-04 18:51:41,708 - INFO -   DestDB æ—¢å­˜: 25539 è¡Œ
2026-03-04 18:51:41,708 - INFO -   å…±é€šã‚«ãƒ©ãƒ : 27/27
2026-03-04 18:51:41,829 - INFO - [OK] edinet_balance_sheets: ã‚³ãƒ”ãƒ¼å®Œäº† (åˆè¨ˆ 25539 è¡Œ)
2026-03-04 18:51:41,834 - INFO - edinet_profit_and_loss ã®ãƒ‡ãƒ¼ã‚¿ã‚’ã‚³ãƒ”ãƒ¼ä¸­...
2026-03-04 18:51:41,876 - INFO -   SourceDB: 25539 è¡Œ
2026-03-04 18:51:41,876 - INFO -   DestDB æ—¢å­˜: 25539 è¡Œ
2026-03-04 18:51:41,877 - INFO -   å…±é€šã‚«ãƒ©ãƒ : 15/15
2026-03-04 18:51:41,961 - INFO - [OK] edinet_profit_and_loss: ã‚³ãƒ”ãƒ¼å®Œäº† (åˆè¨ˆ 25539 è¡Œ)
2026-03-04 18:51:41,966 - INFO - edinet_cash_flow_statement ã®ãƒ‡ãƒ¼ã‚¿ã‚’ã‚³ãƒ”ãƒ¼ä¸­...
2026-03-04 18:51:42,001 - INFO -   SourceDB: 25539 è¡Œ
2026-03-04 18:51:42,002 - INFO -   DestDB æ—¢å­˜: 25539 è¡Œ
2026-03-04 18:51:42,002 - INFO -   å…±é€šã‚«ãƒ©ãƒ : 13/13
2026-03-04 18:51:42,088 - INFO - [OK] edinet_cash_flow_statement: ã‚³ãƒ”ãƒ¼å®Œäº† (åˆè¨ˆ 25539 è¡Œ)
2026-03-04 18:51:42,091 - INFO - edinet_stock_dividend ã®ãƒ‡ãƒ¼ã‚¿ã‚’ã‚³ãƒ”ãƒ¼ä¸­...
2026-03-04 18:51:42,127 - INFO -   SourceDB: 25539 è¡Œ
2026-03-04 18:51:42,128 - INFO -   DestDB æ—¢å­˜: 25529 è¡Œ
2026-03-04 18:51:42,128 - INFO -   å…±é€šã‚«ãƒ©ãƒ : 14/14
2026-03-04 18:51:42,218 - INFO - [OK] edinet_stock_dividend: ã‚³ãƒ”ãƒ¼å®Œäº† (åˆè¨ˆ 25529 è¡Œ)
2026-03-04 18:51:42,224 - INFO - ============================================================
2026-03-04 18:51:42,224 - INFO - [OK] ãƒã‚¤ã‚°ãƒ¬ãƒ¼ã‚·ãƒ§ãƒ³å®Œäº†
2026-03-04 18:51:42,224 - INFO - ============================================================
